// Jest Snapshot v1, https://goo.gl/fbAQLP

exports[`websocket price endpoint should return success 1`] = `
{
  "data": {
    "result": 1000,
  },
  "result": 1000,
  "statusCode": 200,
  "timestamps": {
    "providerDataReceivedUnixMs": 1018,
    "providerDataStreamEstablishedUnixMs": 1010,
    "providerIndicatedTimeUnixMs": "1999999",
  },
}
`;
