// Jest Snapshot v1, https://goo.gl/fbAQLP

exports[`websocket price endpoint should return success 1`] = `
{
  "data": {
    "result": 59033.55,
  },
  "result": 59033.55,
  "statusCode": 200,
  "timestamps": {
    "providerDataReceivedUnixMs": 1018,
    "providerDataStreamEstablishedUnixMs": 1010,
    "providerIndicatedTimeUnixMs": 1018,
  },
}
`;
